domain([-1, 0, 1]).range(["red", "white", "green"]):
         -0.5  ->  rgb(255,128,128)
          0.0  ->  rgb(255,255,255)
          0.5  ->  rgb(128,192,128)
          1.0  ->  rgb(0,128,0)

